16:56:18
recetarapida-gateway 30.03% 321.9MiB / 768MiB
recetarapida-auth 16.04% 377.1MiB / 768MiB
recetarapida-prescription 18.01% 432.2MiB / 1GiB
recetarapida-postgres 4.74% 69.7MiB / 1GiB
16:56:25
recetarapida-gateway 29.25% 321.4MiB / 768MiB
recetarapida-auth 12.26% 378.3MiB / 768MiB
recetarapida-prescription 17.70% 434.2MiB / 1GiB
recetarapida-postgres 6.89% 70.27MiB / 1GiB
16:56:32
recetarapida-gateway 29.11% 322.3MiB / 768MiB
recetarapida-auth 10.90% 379.4MiB / 768MiB
recetarapida-prescription 18.36% 434.4MiB / 1GiB
recetarapida-postgres 7.24% 69.92MiB / 1GiB
16:56:39
recetarapida-gateway 29.88% 321.4MiB / 768MiB
recetarapida-auth 11.11% 378.6MiB / 768MiB
recetarapida-prescription 18.80% 433.8MiB / 1GiB
recetarapida-postgres 6.68% 69.73MiB / 1GiB
16:56:46
recetarapida-gateway 29.39% 321.5MiB / 768MiB
recetarapida-auth 10.94% 379MiB / 768MiB
recetarapida-prescription 17.03% 434.2MiB / 1GiB
recetarapida-postgres 6.76% 69.78MiB / 1GiB
16:56:53
recetarapida-gateway 29.31% 321.7MiB / 768MiB
recetarapida-auth 11.07% 378MiB / 768MiB
recetarapida-prescription 19.06% 434.6MiB / 1GiB
recetarapida-postgres 6.74% 70.74MiB / 1GiB
16:57:00
recetarapida-gateway 30.97% 321.2MiB / 768MiB
recetarapida-auth 11.82% 378.7MiB / 768MiB
recetarapida-prescription 20.32% 434MiB / 1GiB
recetarapida-postgres 6.90% 70.16MiB / 1GiB
16:57:07
recetarapida-gateway 29.37% 322.1MiB / 768MiB
recetarapida-auth 10.93% 379MiB / 768MiB
recetarapida-prescription 19.97% 435MiB / 1GiB
recetarapida-postgres 7.38% 69.46MiB / 1GiB
16:57:14
recetarapida-gateway 29.94% 323.5MiB / 768MiB
recetarapida-auth 11.32% 381.1MiB / 768MiB
recetarapida-prescription 19.55% 434.6MiB / 1GiB
recetarapida-postgres 6.66% 69.37MiB / 1GiB
16:57:21
recetarapida-gateway 29.55% 323.3MiB / 768MiB
recetarapida-auth 11.19% 380.7MiB / 768MiB
recetarapida-prescription 19.18% 434.4MiB / 1GiB
recetarapida-postgres 7.38% 70.05MiB / 1GiB
16:57:28
recetarapida-gateway 28.96% 323.1MiB / 768MiB
recetarapida-auth 10.92% 380.6MiB / 768MiB
recetarapida-prescription 17.98% 434.1MiB / 1GiB
recetarapida-postgres 7.10% 69.34MiB / 1GiB
16:57:35
recetarapida-gateway 29.55% 324.1MiB / 768MiB
recetarapida-auth 10.92% 380.8MiB / 768MiB
recetarapida-prescription 19.99% 433.7MiB / 1GiB
recetarapida-postgres 6.58% 70.2MiB / 1GiB
16:57:42
recetarapida-gateway 30.05% 324.2MiB / 768MiB
recetarapida-auth 11.28% 381.2MiB / 768MiB
recetarapida-prescription 20.43% 433.7MiB / 1GiB
recetarapida-postgres 6.96% 68.48MiB / 1GiB
16:57:49
recetarapida-gateway 29.31% 323.8MiB / 768MiB
recetarapida-auth 11.11% 380.9MiB / 768MiB
recetarapida-prescription 18.52% 434.5MiB / 1GiB
recetarapida-postgres 6.95% 70MiB / 1GiB
16:57:56
recetarapida-gateway 30.13% 322.8MiB / 768MiB
recetarapida-auth 11.45% 381MiB / 768MiB
recetarapida-prescription 18.35% 434.3MiB / 1GiB
recetarapida-postgres 6.91% 70.12MiB / 1GiB
16:58:03
recetarapida-gateway 30.03% 329MiB / 768MiB
recetarapida-auth 11.18% 380.3MiB / 768MiB
recetarapida-prescription 21.63% 435MiB / 1GiB
recetarapida-postgres 9.49% 68.95MiB / 1GiB
16:58:10
recetarapida-gateway 30.54% 328.8MiB / 768MiB
recetarapida-auth 11.61% 380.5MiB / 768MiB
recetarapida-prescription 20.92% 434.4MiB / 1GiB
recetarapida-postgres 6.73% 69.33MiB / 1GiB
16:58:17
recetarapida-gateway 30.31% 314.7MiB / 768MiB
recetarapida-auth 11.50% 380.5MiB / 768MiB
recetarapida-prescription 18.78% 433.3MiB / 1GiB
recetarapida-postgres 7.29% 70.05MiB / 1GiB
16:58:24
recetarapida-gateway 0.05% 312.9MiB / 768MiB
recetarapida-auth 0.09% 378.8MiB / 768MiB
recetarapida-prescription 0.02% 431.8MiB / 1GiB
recetarapida-postgres 0.01% 67.23MiB / 1GiB
16:58:31
recetarapida-gateway 0.03% 312.9MiB / 768MiB
recetarapida-auth 0.03% 378.5MiB / 768MiB
recetarapida-prescription 0.02% 431.8MiB / 1GiB
recetarapida-postgres 0.34% 67.74MiB / 1GiB
16:58:38
recetarapida-gateway 0.03% 312.9MiB / 768MiB
recetarapida-auth 0.02% 378.5MiB / 768MiB
recetarapida-prescription 0.02% 431.8MiB / 1GiB
recetarapida-postgres 0.00% 67.2MiB / 1GiB
16:58:45
recetarapida-gateway 0.03% 312.9MiB / 768MiB
recetarapida-auth 0.04% 378.8MiB / 768MiB
recetarapida-prescription 0.02% 431.8MiB / 1GiB
recetarapida-postgres 0.00% 67.35MiB / 1GiB
16:58:52
recetarapida-gateway 0.02% 312.8MiB / 768MiB
recetarapida-auth 0.02% 378.5MiB / 768MiB
recetarapida-prescription 0.49% 433MiB / 1GiB
recetarapida-postgres 2.61% 67.9MiB / 1GiB
16:58:59
recetarapida-gateway 0.13% 313.6MiB / 768MiB
recetarapida-auth 0.07% 379.2MiB / 768MiB
recetarapida-prescription 0.07% 432.8MiB / 1GiB
recetarapida-postgres 0.03% 67.12MiB / 1GiB
16:59:06
recetarapida-gateway 0.27% 314.3MiB / 768MiB
recetarapida-auth 0.12% 378.5MiB / 768MiB
recetarapida-prescription 0.49% 432.6MiB / 1GiB
recetarapida-postgres 0.04% 67.22MiB / 1GiB
16:59:13
recetarapida-gateway 0.32% 313.9MiB / 768MiB
recetarapida-auth 0.14% 379.5MiB / 768MiB
recetarapida-prescription 0.33% 432.8MiB / 1GiB
recetarapida-postgres 0.07% 67.96MiB / 1GiB
16:59:20
recetarapida-gateway 0.36% 312.1MiB / 768MiB
recetarapida-auth 0.15% 379.5MiB / 768MiB
recetarapida-prescription 0.16% 432.9MiB / 1GiB
recetarapida-postgres 0.11% 67.98MiB / 1GiB
16:59:27
recetarapida-gateway 0.39% 312.1MiB / 768MiB
recetarapida-auth 0.18% 379.2MiB / 768MiB
recetarapida-prescription 0.37% 433.3MiB / 1GiB
recetarapida-postgres 0.09% 68.46MiB / 1GiB
16:59:34
recetarapida-gateway 0.70% 312MiB / 768MiB
recetarapida-auth 0.24% 378.7MiB / 768MiB
recetarapida-prescription 0.27% 432.4MiB / 1GiB
recetarapida-postgres 0.12% 67.23MiB / 1GiB
16:59:41
recetarapida-gateway 0.54% 311.8MiB / 768MiB
recetarapida-auth 0.22% 379MiB / 768MiB
recetarapida-prescription 0.24% 432.6MiB / 1GiB
recetarapida-postgres 0.15% 67.41MiB / 1GiB
16:59:48
recetarapida-gateway 0.87% 312.6MiB / 768MiB
recetarapida-auth 0.29% 379.5MiB / 768MiB
recetarapida-prescription 0.80% 432.8MiB / 1GiB
recetarapida-postgres 0.17% 67.96MiB / 1GiB
16:59:55
recetarapida-gateway 0.71% 311.7MiB / 768MiB
recetarapida-auth 0.29% 379.6MiB / 768MiB
recetarapida-prescription 0.31% 433.1MiB / 1GiB
recetarapida-postgres 0.19% 67.48MiB / 1GiB
17:00:02
recetarapida-gateway 0.81% 311.4MiB / 768MiB
recetarapida-auth 0.43% 379.5MiB / 768MiB
recetarapida-prescription 0.55% 432.8MiB / 1GiB
recetarapida-postgres 2.58% 67.21MiB / 1GiB
17:00:09
recetarapida-gateway 0.88% 311.7MiB / 768MiB
recetarapida-auth 0.49% 378.8MiB / 768MiB
recetarapida-prescription 0.77% 433.6MiB / 1GiB
recetarapida-postgres 0.21% 67.21MiB / 1GiB
17:00:16
recetarapida-gateway 0.92% 312MiB / 768MiB
recetarapida-auth 0.48% 380.2MiB / 768MiB
recetarapida-prescription 0.74% 433.6MiB / 1GiB
recetarapida-postgres 0.63% 67.53MiB / 1GiB
17:00:23
recetarapida-gateway 1.19% 311.3MiB / 768MiB
recetarapida-auth 0.51% 379MiB / 768MiB
recetarapida-prescription 1.25% 431.9MiB / 1GiB
recetarapida-postgres 1.74% 66.99MiB / 1GiB
17:00:30
recetarapida-gateway 1.29% 311.4MiB / 768MiB
recetarapida-auth 0.42% 380.3MiB / 768MiB
recetarapida-prescription 1.14% 432.9MiB / 1GiB
recetarapida-postgres 0.24% 67.94MiB / 1GiB
17:00:37
recetarapida-gateway 1.32% 312.6MiB / 768MiB
recetarapida-auth 0.44% 378.6MiB / 768MiB
recetarapida-prescription 0.46% 432.1MiB / 1GiB
recetarapida-postgres 0.30% 67.2MiB / 1GiB
17:00:44
recetarapida-gateway 1.15% 311.4MiB / 768MiB
recetarapida-auth 0.47% 380MiB / 768MiB
recetarapida-prescription 0.47% 432.8MiB / 1GiB
recetarapida-postgres 0.30% 67.78MiB / 1GiB
